// Jest Snapshot v1, https://goo.gl/fbAQLP

exports[`Splits should display correctly 1`] = `<ol />`;
